03:16:42 **** Incremental Build of configuration Debug for project STM32ProjectForLab2 ****
make -j8 all 
arm-none-eabi-gcc "../Core/Src/main.c" -mcpu=cortex-m3 -std=gnu11 -g3 -DDEBUG -DUSE_HAL_DRIVER -DSTM32F103x6 -c -I../Core/Inc -I../Drivers/STM32F1xx_HAL_Driver/Inc/Legacy -I../Drivers/STM32F1xx_HAL_Driver/Inc -I../Drivers/CMSIS/Device/ST/STM32F1xx/Include -I../Drivers/CMSIS/Include -O0 -ffunction-sections -fdata-sections -Wall -fstack-usage -fcyclomatic-complexity -MMD -MP -MF"Core/Src/main.d" -MT"Core/Src/main.o" --specs=nano.specs -mfloat-abi=soft -mthumb -o "Core/Src/main.o"
arm-none-eabi-gcc -o "STM32ProjectForLab2.elf" @"objects.list"   -mcpu=cortex-m3 -T"D:\Embedded_Programming\STM\STM32\Microprocessors_Microcontrollers_Lab\Microprocessors_Microcontrollers_Lab_2\STM32CubeIDE\STM32ProjectForLab2\STM32F103C6UX_FLASH.ld" --specs=nosys.specs -Wl,-Map="STM32ProjectForLab2.map" -Wl,--gc-sections -static --specs=nano.specs -mfloat-abi=soft -mthumb -Wl,--start-group -lc -lm -Wl,--end-group
Finished building target: STM32ProjectForLab2.elf
 
arm-none-eabi-size   STM32ProjectForLab2.elf 
arm-none-eabi-objdump -h -S  STM32ProjectForLab2.elf  > "STM32ProjectForLab2.list"
arm-none-eabi-objcopy  -O ihex  STM32ProjectForLab2.elf  "STM32ProjectForLab2.hex"
   text	   data	    bss	    dec	    hex	filename
   9876	     28	   1684	  11588	   2d44	STM32ProjectForLab2.elf
Finished building: default.size.stdout
 
Finished building: STM32ProjectForLab2.hex
 
Finished building: STM32ProjectForLab2.list
 

03:16:42 Build Finished. 0 errors, 0 warnings. (took 532ms)

